[0.000000] (-) TimerEvent: {}
[0.003358] (-) JobUnselected: {'identifier': 'my_py_pkg'}
[0.003467] (my_robot_interfaces) JobQueued: {'identifier': 'my_robot_interfaces', 'dependencies': OrderedDict()}
[0.003502] (my_robot_interfaces) JobStarted: {'identifier': 'my_robot_interfaces'}
[0.009561] (my_robot_interfaces) JobProgress: {'identifier': 'my_robot_interfaces', 'progress': 'cmake'}
[0.010554] (my_robot_interfaces) Command: {'cmd': ['/usr/bin/cmake', '/home/yash-verma/ros2_ws/src/my_robot_interfaces', '-DCMAKE_INSTALL_PREFIX=/home/yash-verma/ros2_ws/install/my_robot_interfaces'], 'cwd': '/home/yash-verma/ros2_ws/build/my_robot_interfaces', 'env': OrderedDict({'GJS_DEBUG_TOPICS': 'JS ERROR;JS LOG', 'XDG_ACTIVATION_TOKEN': 'gnome-shell/Terminator/2460-2-yash-verma-VirtualBox_TIME921537', 'LESSOPEN': '| /usr/bin/lesspipe %s', 'USER': 'yash-verma', 'XDG_SESSION_TYPE': 'wayland', 'SHLVL': '1', 'LD_LIBRARY_PATH': '/opt/ros/jazzy/opt/rviz_ogre_vendor/lib:/opt/ros/jazzy/lib/x86_64-linux-gnu:/opt/ros/jazzy/opt/gz_math_vendor/lib:/opt/ros/jazzy/opt/gz_utils_vendor/lib:/opt/ros/jazzy/opt/gz_cmake_vendor/lib:/opt/ros/jazzy/lib', 'HOME': '/home/yash-verma', 'OLDPWD': '/home/yash-verma/ros2_ws/src/my_robot_interfaces/msg', 'DESKTOP_SESSION': 'ubuntu', 'GIO_LAUNCHED_DESKTOP_FILE': '/usr/share/applications/terminator.desktop', 'ROS_PYTHON_VERSION': '3', 'GNOME_SHELL_SESSION_MODE': 'ubuntu', 'GTK_MODULES': 'gail:atk-bridge', 'MANAGERPID': '2214', 'SYSTEMD_EXEC_PID': '2460', 'GSM_SKIP_SSH_AGENT_WORKAROUND': 'true', 'DBUS_SESSION_BUS_ADDRESS': 'unix:path=/run/user/1000/bus', 'COLORTERM': 'truecolor', 'TERMINATOR_DBUS_NAME': 'net.tenshu.Terminator25ef4b219e3b005583550f2b0f9f990c3', 'GIO_LAUNCHED_DESKTOP_FILE_PID': '7490', 'DEBUGINFOD_URLS': 'https://debuginfod.ubuntu.com', 'IM_CONFIG_PHASE': '1', 'WAYLAND_DISPLAY': 'wayland-0', 'COLCON_PREFIX_PATH': '/home/yash-verma/ros2_ws/install', 'ROS_DISTRO': 'jazzy', 'LOGNAME': 'yash-verma', 'JOURNAL_STREAM': '9:15809', '_': '/usr/bin/colcon', 'ROS_VERSION': '2', 'MEMORY_PRESSURE_WATCH': '/sys/fs/cgroup/user.slice/user-1000.slice/user@1000.service/session.slice/org.gnome.Shell@wayland.service/memory.pressure', 'XDG_SESSION_CLASS': 'user', 'USERNAME': 'yash-verma', 'TERM': 'xterm-256color', 'GNOME_DESKTOP_SESSION_ID': 'this-is-deprecated', 'PATH': '/opt/ros/jazzy/bin:/usr/local/sbin:/usr/local/bin:/usr/sbin:/usr/bin:/sbin:/bin:/usr/games:/usr/local/games:/snap/bin:/snap/bin', 'SESSION_MANAGER': 'local/yash-verma-VirtualBox:@/tmp/.ICE-unix/2422,unix/yash-verma-VirtualBox:/tmp/.ICE-unix/2422', 'INVOCATION_ID': '61047215af9245c0ba20edbd4dee8bcb', 'XDG_MENU_PREFIX': 'gnome-', 'GNOME_SETUP_DISPLAY': ':1', 'XDG_RUNTIME_DIR': '/run/user/1000', 'DISPLAY': ':0', 'TERMINATOR_DBUS_PATH': '/net/tenshu/Terminator2', 'LANG': 'en_US.UTF-8', 'XDG_CURRENT_DESKTOP': 'ubuntu:GNOME', 'XMODIFIERS': '@im=ibus', 'XDG_SESSION_DESKTOP': 'ubuntu', 'XAUTHORITY': '/run/user/1000/.mutter-Xwaylandauth.7V0D72', 'LS_COLORS': 'rs=0:di=01;34:ln=01;36:mh=00:pi=40;33:so=01;35:do=01;35:bd=40;33;01:cd=40;33;01:or=40;31;01:mi=00:su=37;41:sg=30;43:ca=00:tw=30;42:ow=34;42:st=37;44:ex=01;32:*.tar=01;31:*.tgz=01;31:*.arc=01;31:*.arj=01;31:*.taz=01;31:*.lha=01;31:*.lz4=01;31:*.lzh=01;31:*.lzma=01;31:*.tlz=01;31:*.txz=01;31:*.tzo=01;31:*.t7z=01;31:*.zip=01;31:*.z=01;31:*.dz=01;31:*.gz=01;31:*.lrz=01;31:*.lz=01;31:*.lzo=01;31:*.xz=01;31:*.zst=01;31:*.tzst=01;31:*.bz2=01;31:*.bz=01;31:*.tbz=01;31:*.tbz2=01;31:*.tz=01;31:*.deb=01;31:*.rpm=01;31:*.jar=01;31:*.war=01;31:*.ear=01;31:*.sar=01;31:*.rar=01;31:*.alz=01;31:*.ace=01;31:*.zoo=01;31:*.cpio=01;31:*.7z=01;31:*.rz=01;31:*.cab=01;31:*.wim=01;31:*.swm=01;31:*.dwm=01;31:*.esd=01;31:*.avif=01;35:*.jpg=01;35:*.jpeg=01;35:*.mjpg=01;35:*.mjpeg=01;35:*.gif=01;35:*.bmp=01;35:*.pbm=01;35:*.pgm=01;35:*.ppm=01;35:*.tga=01;35:*.xbm=01;35:*.xpm=01;35:*.tif=01;35:*.tiff=01;35:*.png=01;35:*.svg=01;35:*.svgz=01;35:*.mng=01;35:*.pcx=01;35:*.mov=01;35:*.mpg=01;35:*.mpeg=01;35:*.m2v=01;35:*.mkv=01;35:*.webm=01;35:*.webp=01;35:*.ogm=01;35:*.mp4=01;35:*.m4v=01;35:*.mp4v=01;35:*.vob=01;35:*.qt=01;35:*.nuv=01;35:*.wmv=01;35:*.asf=01;35:*.rm=01;35:*.rmvb=01;35:*.flc=01;35:*.avi=01;35:*.fli=01;35:*.flv=01;35:*.gl=01;35:*.dl=01;35:*.xcf=01;35:*.xwd=01;35:*.yuv=01;35:*.cgm=01;35:*.emf=01;35:*.ogv=01;35:*.ogx=01;35:*.aac=00;36:*.au=00;36:*.flac=00;36:*.m4a=00;36:*.mid=00;36:*.midi=00;36:*.mka=00;36:*.mp3=00;36:*.mpc=00;36:*.ogg=00;36:*.ra=00;36:*.wav=00;36:*.oga=00;36:*.opus=00;36:*.spx=00;36:*.xspf=00;36:*~=00;90:*#=00;90:*.bak=00;90:*.crdownload=00;90:*.dpkg-dist=00;90:*.dpkg-new=00;90:*.dpkg-old=00;90:*.dpkg-tmp=00;90:*.old=00;90:*.orig=00;90:*.part=00;90:*.rej=00;90:*.rpmnew=00;90:*.rpmorig=00;90:*.rpmsave=00;90:*.swp=00;90:*.tmp=00;90:*.ucf-dist=00;90:*.ucf-new=00;90:*.ucf-old=00;90:', 'SSH_AUTH_SOCK': '/run/user/1000/keyring/ssh', 'AMENT_PREFIX_PATH': '/home/yash-verma/ros2_ws/install/my_py_pkg:/opt/ros/jazzy', 'SHELL': '/bin/bash', 'TERMINATOR_UUID': 'urn:uuid:d8b0853d-761b-4f3e-9c87-7e8ea1eb7180', 'QT_ACCESSIBILITY': '1', 'GDMSESSION': 'ubuntu', 'LESSCLOSE': '/usr/bin/lesspipe %s %s', 'GJS_DEBUG_OUTPUT': 'stderr', 'ROS_AUTOMATIC_DISCOVERY_RANGE': 'SUBNET', 'QT_IM_MODULE': 'ibus', 'PWD': '/home/yash-verma/ros2_ws/build/my_robot_interfaces', 'LC_ALL': 'en_US.UTF-8', 'XDG_CONFIG_DIRS': '/etc/xdg/xdg-ubuntu:/etc/xdg', 'XDG_DATA_DIRS': '/usr/share/ubuntu:/usr/share/gnome:/usr/local/share/:/usr/share/:/var/lib/snapd/desktop', 'PYTHONPATH': '/home/yash-verma/ros2_ws/install/my_py_pkg/lib/python3.12/site-packages:/opt/ros/jazzy/lib/python3.12/site-packages', 'COLCON': '1', 'MEMORY_PRESSURE_WRITE': 'c29tZSAyMDAwMDAgMjAwMDAwMAA=', 'VTE_VERSION': '7600', 'CMAKE_PREFIX_PATH': '/opt/ros/jazzy/opt/gz_math_vendor:/opt/ros/jazzy/opt/gz_utils_vendor:/opt/ros/jazzy/opt/gz_cmake_vendor'}), 'shell': False}
[0.039375] (my_robot_interfaces) StdoutLine: {'line': b'-- Found ament_cmake: 2.5.3 (/opt/ros/jazzy/share/ament_cmake/cmake)\n'}
[0.098673] (-) TimerEvent: {}
[0.199808] (-) TimerEvent: {}
[0.245521] (my_robot_interfaces) StdoutLine: {'line': b'-- Found rosidl_default_generators: 1.6.0 (/opt/ros/jazzy/share/rosidl_default_generators/cmake)\n'}
[0.247654] (my_robot_interfaces) StdoutLine: {'line': b'-- Using all available rosidl_typesupport_c: rosidl_typesupport_fastrtps_c;rosidl_typesupport_introspection_c\n'}
[0.276532] (my_robot_interfaces) StdoutLine: {'line': b'-- Using all available rosidl_typesupport_cpp: rosidl_typesupport_fastrtps_cpp;rosidl_typesupport_introspection_cpp\n'}
[0.298439] (my_robot_interfaces) StdoutLine: {'line': b'-- Found rosidl_adapter: 4.6.5 (/opt/ros/jazzy/share/rosidl_adapter/cmake)\n'}
[0.300511] (-) TimerEvent: {}
[0.407401] (-) TimerEvent: {}
[0.508759] (-) TimerEvent: {}
[0.587658] (my_robot_interfaces) StderrLine: {'line': b"Error parsing '/home/yash-verma/ros2_ws/src/my_robot_interfaces/package.xml':\n"}
[0.614657] (-) TimerEvent: {}
[0.720001] (-) TimerEvent: {}
[0.829709] (-) TimerEvent: {}
[0.939324] (-) TimerEvent: {}
[1.040268] (-) TimerEvent: {}
[1.142156] (-) TimerEvent: {}
[1.243046] (-) TimerEvent: {}
[1.351539] (-) TimerEvent: {}
[1.458925] (-) TimerEvent: {}
[1.576726] (-) TimerEvent: {}
[1.647626] (my_robot_interfaces) StderrLine: {'line': b'Traceback (most recent call last):\n'}
[1.648041] (my_robot_interfaces) StderrLine: {'line': b'  File "/usr/lib/python3/dist-packages/catkin_pkg/package.py", line 610, in parse_package_string\n'}
[1.648248] (my_robot_interfaces) StderrLine: {'line': b'    root = dom.parseString(data)\n'}
[1.648361] (my_robot_interfaces) StderrLine: {'line': b'           ^^^^^^^^^^^^^^^^^^^^^\n'}
[1.648508] (my_robot_interfaces) StderrLine: {'line': b'  File "/usr/lib/python3.12/xml/dom/minidom.py", line 2000, in parseString\n'}
[1.648615] (my_robot_interfaces) StderrLine: {'line': b'    return expatbuilder.parseString(string)\n'}
[1.648715] (my_robot_interfaces) StderrLine: {'line': b'           ^^^^^^^^^^^^^^^^^^^^^^^^^^^^^^^^\n'}
[1.648793] (my_robot_interfaces) StderrLine: {'line': b'  File "/usr/lib/python3.12/xml/dom/expatbuilder.py", line 922, in parseString\n'}
[1.648876] (my_robot_interfaces) StderrLine: {'line': b'    return builder.parseString(string)\n'}
[1.648954] (my_robot_interfaces) StderrLine: {'line': b'           ^^^^^^^^^^^^^^^^^^^^^^^^^^^\n'}
[1.649044] (my_robot_interfaces) StderrLine: {'line': b'  File "/usr/lib/python3.12/xml/dom/expatbuilder.py", line 220, in parseString\n'}
[1.649118] (my_robot_interfaces) StderrLine: {'line': b'    parser.Parse(string, True)\n'}
[1.649192] (my_robot_interfaces) StderrLine: {'line': b'xml.parsers.expat.ExpatError: not well-formed (invalid token): line 26, column 1\n'}
[1.649267] (my_robot_interfaces) StderrLine: {'line': b'\n'}
[1.649342] (my_robot_interfaces) StderrLine: {'line': b'During handling of the above exception, another exception occurred:\n'}
[1.649412] (my_robot_interfaces) StderrLine: {'line': b'\n'}
[1.649479] (my_robot_interfaces) StderrLine: {'line': b'Traceback (most recent call last):\n'}
[1.649560] (my_robot_interfaces) StderrLine: {'line': b'  File "/opt/ros/jazzy/share/ament_cmake_core/cmake/core/package_xml_2_cmake.py", line 150, in <module>\n'}
[1.649638] (my_robot_interfaces) StderrLine: {'line': b'    main()\n'}
[1.649752] (my_robot_interfaces) StderrLine: {'line': b'  File "/opt/ros/jazzy/share/ament_cmake_core/cmake/core/package_xml_2_cmake.py", line 53, in main\n'}
[1.649822] (my_robot_interfaces) StderrLine: {'line': b'    raise e\n'}
[1.649892] (my_robot_interfaces) StderrLine: {'line': b'  File "/opt/ros/jazzy/share/ament_cmake_core/cmake/core/package_xml_2_cmake.py", line 49, in main\n'}
[1.649965] (my_robot_interfaces) StderrLine: {'line': b'    package = parse_package_string(\n'}
[1.650038] (my_robot_interfaces) StderrLine: {'line': b'              ^^^^^^^^^^^^^^^^^^^^^\n'}
[1.650109] (my_robot_interfaces) StderrLine: {'line': b'  File "/usr/lib/python3/dist-packages/catkin_pkg/package.py", line 612, in parse_package_string\n'}
[1.650179] (my_robot_interfaces) StderrLine: {'line': b"    raise InvalidPackage('The manifest contains invalid XML:\\n%s' % ex, filename)\n"}
[1.650252] (my_robot_interfaces) StderrLine: {'line': b"catkin_pkg.package.InvalidPackage: Error(s) in package '/home/yash-verma/ros2_ws/src/my_robot_interfaces/package.xml':\n"}
[1.650323] (my_robot_interfaces) StderrLine: {'line': b'The manifest contains invalid XML:\n'}
[1.650392] (my_robot_interfaces) StderrLine: {'line': b'not well-formed (invalid token): line 26, column 1\n'}
[1.677857] (-) TimerEvent: {}
[1.688494] (my_robot_interfaces) StderrLine: {'line': b'\x1b[31mCMake Error at /opt/ros/jazzy/share/ament_cmake_core/cmake/core/ament_package_xml.cmake:95 (message):\n'}
[1.689007] (my_robot_interfaces) StderrLine: {'line': b'  execute_process(/usr/bin/python3\n'}
[1.689109] (my_robot_interfaces) StderrLine: {'line': b'  /opt/ros/jazzy/share/ament_cmake_core/cmake/core/package_xml_2_cmake.py\n'}
[1.689209] (my_robot_interfaces) StderrLine: {'line': b'  /home/yash-verma/ros2_ws/src/my_robot_interfaces/package.xml\n'}
[1.689299] (my_robot_interfaces) StderrLine: {'line': b'  /home/yash-verma/ros2_ws/build/my_robot_interfaces/ament_cmake_core/package.cmake)\n'}
[1.689395] (my_robot_interfaces) StderrLine: {'line': b'  returned error code 1\n'}
[1.689515] (my_robot_interfaces) StderrLine: {'line': b'Call Stack (most recent call first):\n'}
[1.689748] (my_robot_interfaces) StderrLine: {'line': b'  /opt/ros/jazzy/share/ament_cmake_core/cmake/core/ament_package_xml.cmake:49 (_ament_package_xml)\n'}
[1.689832] (my_robot_interfaces) StderrLine: {'line': b'  /opt/ros/jazzy/share/rosidl_cmake/cmake/rosidl_generate_interfaces.cmake:220 (ament_package_xml)\n'}
[1.689898] (my_robot_interfaces) StderrLine: {'line': b'  CMakeLists.txt:11 (rosidl_generate_interfaces)\n'}
[1.689965] (my_robot_interfaces) StderrLine: {'line': b'\n'}
[1.690033] (my_robot_interfaces) StderrLine: {'line': b'\x1b[0m\n'}
[1.690101] (my_robot_interfaces) StdoutLine: {'line': b'-- Configuring incomplete, errors occurred!\n'}
[1.696542] (my_robot_interfaces) CommandEnded: {'returncode': 1}
[1.697576] (my_robot_interfaces) JobEnded: {'identifier': 'my_robot_interfaces', 'rc': 1}
[1.708814] (-) EventReactorShutdown: {}
